Wir sollten sicherstellen, dass KI-Tools nicht dazu führen, dass Bildungsinhalte zu stark standardisiert werden und die Kreativität der Schüler:innen einschränken.
Bildung kann besser werden, wenn mithilfe von KI-Tools der Lernfortschritt von Lernenden in Echtzeit überwacht und angepasst werden kann.
Bis Klarheit über die Nutzung von KI-Tools besteht, müssen wir sie im Bildungskontext verbieten.
Das wichtigste Potential von KI-Tools ist für mich, Bildungsbarrieren für Menschen mit besonderen Bedürfnissen abzubauen.
Der Datenschutz sollten bei der Nutzung von KI-Tools in der Bildung höchste Priorität haben. Vieles von dem, was technisch möglich ist, kann aktuell nicht guten Gewissens verwendet werden.
Der Einsatz von KI-Tools in der Bildung kann dazu führen, dass Lernende weniger selbst denken, lesen und schreiben. Das kann zu Verdummung führen.
Die Gefahr von Algorithmen, die Vorurteile reproduzieren, ist gesamtgesellschaftlich, aber vor allem in der Bildung besorgniserregend.
Die große Chance von KI sehe ich darin, dass sie ein Impuls zur Veränderung der Lernkultur sein könnte. d.h, wegführt von abfragebasiertem Faktenwissen.
Die Implementierung von KI-Tools erfordert mehr Zusammenarbeit zwischen Bildungsexpert:innen und Technologieentwickler:innen.
Die Möglichkeiten von KI als ‚Sparring-Partner‘ für Feedback oder bei der Entwicklung von Lernangeboten finde ich beeindruckend.
Diese ganze KI-Diskussion ist ein Hype, der auch wieder vorbei geht.
Es ist für mich ein Dilemma, dass KI-Tools zwar super faszinierend sein können, aber zugleich eine immense Ressourcenverschleuderung darstellen.
Es ist wichtig, dass Lernende KI-Tools verstehen und, wo nötig, auch kritisch hinterfragen können.
Ich bin ziemlich erschlagen, von all den KI-Tools, die aktuell gefühlt jeden Tag neu veröffentlicht werden. Wer soll denn da noch den Überblick behalten?
Ich fühle mich in der ganzen KI-Debatte ziemlich dumm, weil ich noch kaum Erfahrungen habe und auch nicht so recht weiß, was ich wie nutzen kann.
Ich habe viel Freude dabei, immer wieder unterschiedliche KI-Tools zu erkunden.
Ich habe viel Freude dabei, immer wieder unterschiedliche KI-Tools zu erkunden.
Ich nutze KI-Tools bereits sehr regelmäßig in meiner beruflichen Tätigkeit.
KI ist ein technisch nicht klar definierter Begriff, der uns in der Debatte nicht weiterhilft. Wir sollten erst einmal definieren, worüber wir eigentlich genau reden.
KI kann dazu beitragen, Bildungsinhalte in vielfältigen Formaten anzubieten, um unterschiedlichen Bedürfnissen von Lernenden gerecht zu werden.
KI kann den Bildungssektor effizienter gestalten, indem sie administrative Aufgaben automatisiert.
KI wird niemals menschliche Lehrer:innen ersetzen können.
KI-Tools führen dazu, dass das Internet schon jetzt mit Dumping-Inhalten überflutet wird. Das wird perspektivisch noch zunehmen.
KI-Tools können für sozial isolierte Menschen zumindest eine erste Hilfe als ‚emotionaler Buddy‘ sein. Das ist oft besser als nichts.
KI-Tools können Ungleichheit verschärfen. Wer Geld bezahlt, hat Zugriff auf bessere KI-Tools.
KI-Tools können uns klüger machen. Wir sollten sie zum Lernen nutzen.
KI-Tools sollten nicht nur als Werkzeug (Wie nutze ich das?), sondern vor allem auch als Lerngegenstand (Was ist das?) betrachtet werden.
Kinder sollten frühzeitig lernen, wie KI funktioniert, um besser auf die Zukunft vorbereitet zu sein.
Lernen zu KI ist eine gesamtgesellschaftliche Bildungsherausforderung. Nötig ist dafür mehr Zeit und Geld an Schulen und anderen Bildungseinrichtungen.
Mit KI-Tools haben jetzt alle einen ‚Nachhilfelehrer‘ bei Bedarf zur Verfügung – nicht nur Lernende aus einkommensstarken Familien.
